// Jest Snapshot v1, https://goo.gl/fbAQLP

exports[`HomeScreen Tests HomeScreen | Render without issues 1`] = `
<ActivityIndicator
  color="#fff"
  size="large"
  style={
    Object {
      "backgroundColor": "#000",
      "flex": 1,
      "justifyContent": "center",
    }
  }
/>
`;
