// Jest Snapshot v1, https://goo.gl/fbAQLP

exports[`SearchScreen Tests SearchScreen | Render without issues 1`] = `
<View
  style={
    Object {
      "backgroundColor": "#000",
      "flex": 1,
    }
  }
>
  <View
    style={
      Object {
        "flexDirection": "row",
        "paddingHorizontal": 10,
        "paddingTop": 20,
      }
    }
  >
    <TextInput
      autoCapitalize="none"
      autoCorrect={false}
      autoFocus={true}
      clearButtonMode="always"
      maxLength={30}
      onChangeText={[Function]}
      placeholder="Search by title..."
      returnKeyType="done"
      style={
        Object {
          "backgroundColor": "#fff",
          "borderRadius": 8,
          "flex": 1,
          "marginRight": 10,
          "padding": 10,
        }
      }
      value=""
    />
    <View
      accessible={true}
      collapsable={false}
      focusable={true}
      onBlur={[Function]}
      onClick={[Function]}
      onFocus={[Function]}
      onResponderGrant={[Function]}
      onResponderMove={[Function]}
      onResponderRelease={[Function]}
      onResponderTerminate={[Function]}
      onResponderTerminationRequest={[Function]}
      onStartShouldSetResponder={[Function]}
      style={
        Object {
          "backgroundColor": "#fff",
          "borderRadius": 8,
          "padding": 10,
        }
      }
      testID="btnFilter"
    />
  </View>
  <RCTScrollView
    contentContainerStyle={
      Object {
        "paddingHorizontal": 10,
        "paddingTop": 20,
      }
    }
    data={Array []}
    getItem={[Function]}
    getItemCount={[Function]}
    initialNumToRender={10}
    keyExtractor={[Function]}
    onContentSizeChange={[Function]}
    onLayout={[Function]}
    onMomentumScrollBegin={[Function]}
    onMomentumScrollEnd={[Function]}
    onScroll={[Function]}
    onScrollBeginDrag={[Function]}
    onScrollEndDrag={[Function]}
    removeClippedSubviews={false}
    renderItem={[Function]}
    scrollEventThrottle={50}
    showsVerticalScrollIndicator={false}
    stickyHeaderIndices={Array []}
    viewabilityConfigCallbackPairs={Array []}
  >
    <View />
  </RCTScrollView>
</View>
`;
